2025-10-19 19:29:45,055 - AutoShortsEditor.Analyzer - INFO - Analyzing video: AutoShortsEditor\input\ggamang.mp4
2025-10-19 19:29:46,119 - AutoShortsEditor.Analyzer - INFO - Detecting scene changes...
2025-10-19 19:29:46,162 - pyscenedetect - INFO - Detecting scenes...
2025-10-19 19:29:53,698 - AutoShortsEditor.Analyzer - INFO - Found 0 scenes
2025-10-19 19:29:53,698 - AutoShortsEditor.Analyzer - INFO - Detecting silence...
2025-10-19 19:29:55,238 - AutoShortsEditor.Analyzer - ERROR - Silence detection failed: arrays to stack must be passed as a "sequence" type such as list or tuple.
2025-10-19 19:29:55,239 - AutoShortsEditor.Analyzer - INFO - Found 0 silent segments
2025-10-19 19:29:55,239 - AutoShortsEditor.Analyzer - INFO - Detecting static scenes...
2025-10-19 19:30:04,628 - AutoShortsEditor.Analyzer - INFO - Found 1 static segments
2025-10-19 19:30:04,628 - AutoShortsEditor.Editor - INFO - Starting auto-edit: ggamang.mp4
2025-10-19 19:30:06,025 - AutoShortsEditor.Editor - INFO - Concatenating 1 segments
2025-10-19 19:30:14,383 - AutoShortsEditor.Transcriber - INFO - Transcribing audio from ggamang.mp4
2025-10-19 19:30:14,384 - AutoShortsEditor.Transcriber - ERROR - Transcription failed: 'cp949' codec can't encode character '\U0001f3a4' in position 2: illegal multibyte sequence
2025-10-19 19:30:14,385 - AutoShortsEditor.Editor - ERROR - Failed to add subtitles: 'cp949' codec can't encode character '\u2717' in position 0: illegal multibyte sequence
2025-10-19 19:30:14,386 - AutoShortsEditor - ERROR - Error: 'cp949' codec can't encode character '\u26a0' in position 0: illegal multibyte sequence
Traceback (most recent call last):
  File "C:\Users\oldmoon\workspace\AutoShortsEditor\src\transcriber.py", line 34, in transcribe_video
    print(f"\nğŸ¤ Transcribing audio with Whisper...")
    ~~~~~^^^^^^^^^^^^^^^^^^^^^^^^^^^^^^^^^^^^^^^^^^^^
UnicodeEncodeError: 'cp949' codec can't encode character '\U0001f3a4' in position 2: illegal multibyte sequence

During handling of the above exception, another exception occurred:

Traceback (most recent call last):
  File "C:\Users\oldmoon\workspace\AutoShortsEditor\src\editor.py", line 320, in _add_subtitles_to_clip
    segments = transcriber.transcribe_video(video_path)
  File "C:\Users\oldmoon\workspace\AutoShortsEditor\src\transcriber.py", line 112, in transcribe_video
    print(f"âœ— Transcription failed: {e}")
    ~~~~~^^^^^^^^^^^^^^^^^^^^^^^^^^^^^^^^
UnicodeEncodeError: 'cp949' codec can't encode character '\u2717' in position 0: illegal multibyte sequence

During handling of the above exception, another exception occurred:

Traceback (most recent call last):
  File "C:\Users\oldmoon\workspace\AutoShortsEditor\run.py", line 412, in main
    output_path = editor.edit(input_path, analysis, output_path)
  File "C:\Users\oldmoon\workspace\AutoShortsEditor\src\editor.py", line 69, in edit
    clip = self._add_subtitles_to_clip(clip, video_path, output_path)
  File "C:\Users\oldmoon\workspace\AutoShortsEditor\src\editor.py", line 335, in _add_subtitles_to_clip
    print(f"âš  Subtitle generation failed: {e}")
    ~~~~~^^^^^^^^^^^^^^^^^^^^^^^^^^^^^^^^^^^^^^
UnicodeEncodeError: 'cp949' codec can't encode character '\u26a0' in position 0: illegal multibyte sequence
2025-10-27 06:14:23,012 - create_video_from_folder - INFO - í´ë” ê²½ë¡œ: input\ê²½ê³„ì˜ì‚¬ëŒë“¤
2025-10-27 06:14:23,012 - create_video_from_folder - INFO - í´ë” ì¡´ì¬ ì—¬ë¶€: False
2025-10-27 06:14:23,013 - create_video_from_folder - INFO - ì°¾ì€ story*.json íŒŒì¼: []
2025-10-27 06:14:23,013 - AutoShortsEditor - ERROR - From-folder video creation failed: input\ê²½ê³„ì˜ì‚¬ëŒë“¤ì— storyë¡œ ì‹œì‘í•˜ëŠ” JSON íŒŒì¼ì´ ì—†ìŠµë‹ˆë‹¤.
Traceback (most recent call last):
  File "C:\Users\oldmoon\workspace\AutoShortsEditor\run.py", line 383, in main
    creator = VideoFromFolderCreator(
        folder_path=args.from_folder,
    ...<2 lines>...
        add_subtitles=True  # ?ë§‰ ê¸°ë³¸?ë¡œ ì¶”?
    )
  File "C:\Users\oldmoon\workspace\AutoShortsEditor\create_video_from_folder.py", line 81, in __init__
    self.story_data = self._load_story_json()
                      ~~~~~~~~~~~~~~~~~~~~~^^
  File "C:\Users\oldmoon\workspace\AutoShortsEditor\create_video_from_folder.py", line 163, in _load_story_json
    raise FileNotFoundError(f"{self.folder_path}ì— storyë¡œ ì‹œì‘í•˜ëŠ” JSON íŒŒì¼ì´ ì—†ìŠµë‹ˆë‹¤.")
FileNotFoundError: input\ê²½ê³„ì˜ì‚¬ëŒë“¤ì— storyë¡œ ì‹œì‘í•˜ëŠ” JSON íŒŒì¼ì´ ì—†ìŠµë‹ˆë‹¤.
2025-10-27 06:16:19,463 - create_video_from_folder - INFO - í´ë” ê²½ë¡œ: input\ê²½ê³„ì˜ ì‚¬ëŒë“¤
2025-10-27 06:16:19,463 - create_video_from_folder - INFO - í´ë” ì¡´ì¬ ì—¬ë¶€: False
2025-10-27 06:16:19,463 - create_video_from_folder - INFO - ì°¾ì€ story*.json íŒŒì¼: []
2025-10-27 06:16:19,464 - AutoShortsEditor - ERROR - From-folder video creation failed: input\ê²½ê³„ì˜ ì‚¬ëŒë“¤ì— storyë¡œ ì‹œì‘í•˜ëŠ” JSON íŒŒì¼ì´ ì—†ìŠµë‹ˆë‹¤.
Traceback (most recent call last):
  File "C:\Users\oldmoon\workspace\AutoShortsEditor\run.py", line 383, in main
    creator = VideoFromFolderCreator(
        folder_path=args.from_folder,
    ...<2 lines>...
        add_subtitles=True  # ?ë§‰ ê¸°ë³¸?ë¡œ ì¶”?
    )
  File "C:\Users\oldmoon\workspace\AutoShortsEditor\create_video_from_folder.py", line 81, in __init__
    self.story_data = self._load_story_json()
                      ~~~~~~~~~~~~~~~~~~~~~^^
  File "C:\Users\oldmoon\workspace\AutoShortsEditor\create_video_from_folder.py", line 163, in _load_story_json
    raise FileNotFoundError(f"{self.folder_path}ì— storyë¡œ ì‹œì‘í•˜ëŠ” JSON íŒŒì¼ì´ ì—†ìŠµë‹ˆë‹¤.")
FileNotFoundError: input\ê²½ê³„ì˜ ì‚¬ëŒë“¤ì— storyë¡œ ì‹œì‘í•˜ëŠ” JSON íŒŒì¼ì´ ì—†ìŠµë‹ˆë‹¤.
2025-10-27 06:17:07,220 - AutoShortsEditor - ERROR - From-folder video creation failed: 'cp949' codec can't encode character '\ufffd' in position 19: illegal multibyte sequence
Traceback (most recent call last):
  File "C:\Users\oldmoon\workspace\AutoShortsEditor\run.py", line 379, in main
    print(f"   Folder: {args.from_folder}")
    ~~~~~^^^^^^^^^^^^^^^^^^^^^^^^^^^^^^^^^^
UnicodeEncodeError: 'cp949' codec can't encode character '\ufffd' in position 19: illegal multibyte sequence
2025-10-27 06:17:53,941 - create_video_from_folder - INFO - í´ë” ê²½ë¡œ: C:\Users\oldmoon\workspace\AutoShortsEditor\input\ê²½ê³„ì˜ ì‚¬ëŒë“¤
2025-10-27 06:17:53,941 - create_video_from_folder - INFO - í´ë” ì¡´ì¬ ì—¬ë¶€: True
2025-10-27 06:17:53,941 - create_video_from_folder - INFO - ì°¾ì€ story*.json íŒŒì¼: ['story_v8_1_defector.json']
2025-10-27 06:17:53,941 - create_video_from_folder - INFO - JSON íŒŒì¼ ë¡œë“œ: story_v8_1_defector.json
2025-10-27 06:17:56,058 - create_video_from_folder - WARNING - âš ï¸  NVIDIA ë“œë¼ì´ë²„ê°€ ë‚®ìŒ (566.14 < 570.0), CPU ì¸ì½”ë” ì‚¬ìš©
2025-10-27 06:17:56,058 - create_video_from_folder - INFO -    ë“œë¼ì´ë²„ ì—…ë°ì´íŠ¸: https://www.nvidia.com/Download/index.aspx
2025-10-27 06:17:56,058 - create_video_from_folder - INFO - âœ“ Intel QSV GPU ì¸ì½”ë” ì‚¬ìš© (h264_qsv)
2025-10-27 06:17:56,061 - create_video_from_folder - INFO - ê¸°ì¡´ generated_videosë¥¼ ë°±ì—…í•©ë‹ˆë‹¤: 20251027_061756
2025-10-27 06:17:56,062 - create_video_from_folder - INFO - ë°±ì—… ì™„ë£Œ: C:\Users\oldmoon\workspace\AutoShortsEditor\input\ê²½ê³„ì˜ ì‚¬ëŒë“¤\backup\20251027_061756
2025-10-27 06:17:56,062 - create_video_from_folder - INFO - scene_XX íŒ¨í„´ ì—†ìŒ. ëª¨ë“  ì´ë¯¸ì§€ë¥¼ ì‹œê°„ìˆœìœ¼ë¡œ ì •ë ¬í•©ë‹ˆë‹¤.
2025-10-27 06:17:56,064 - create_video_from_folder - INFO -   ì”¬ 1: Whisk_c0e934d050584a3868b41a55c026c83eeg.png (ìƒì„±ì‹œê°„: 1761373379.675238)
2025-10-27 06:17:56,064 - create_video_from_folder - INFO -   ì”¬ 2: Whisk_a62c5230d01b2009903425fc03eb7157dr.jpeg (ìƒì„±ì‹œê°„: 1761373458.3009326)
2025-10-27 06:17:56,064 - create_video_from_folder - INFO -   ì”¬ 3: Whisk_7b0c7234eaea9749f3c45cca6c682d1bdr.jpeg (ìƒì„±ì‹œê°„: 1761373638.4442084)
2025-10-27 06:17:56,064 - create_video_from_folder - INFO -   ì”¬ 4: Whisk_63d43af560716f4bbba47a9805e7b638dr.jpeg (ìƒì„±ì‹œê°„: 1761373711.7705636)
2025-10-27 06:17:56,064 - create_video_from_folder - INFO -   ì”¬ 5: Whisk_952bf87cc81f82187414c820c614044adr.jpeg (ìƒì„±ì‹œê°„: 1761373745.2865014)
2025-10-27 06:17:56,064 - create_video_from_folder - INFO -   ì”¬ 6: Whisk_8822d1437c494d5aca24a71d53d1b2a1dr.jpeg (ìƒì„±ì‹œê°„: 1761373768.3595028)
2025-10-27 06:17:56,064 - create_video_from_folder - INFO -   ì”¬ 7: Whisk_123d09eafdcd5cdb42d421b814386ee2dr.jpeg (ìƒì„±ì‹œê°„: 1761373804.974811)
2025-10-27 06:17:56,064 - create_video_from_folder - INFO -   ì”¬ 8: Whisk_9fa975b93deffafa7d4439313087a061dr.jpeg (ìƒì„±ì‹œê°„: 1761373838.6246388)
2025-10-27 06:17:56,064 - create_video_from_folder - INFO -   ì”¬ 9: thumbnail.jpg (ìƒì„±ì‹œê°„: 1761507551.21186)
2025-10-27 06:17:56,064 - create_video_from_folder - INFO - ì´ë¯¸ì§€ 9ê°œ ë°œê²¬
2025-10-27 06:17:56,065 - create_video_from_folder - INFO - ======================================================================
2025-10-27 06:17:56,065 - create_video_from_folder - INFO - 1ë‹¨ê³„: TTS ìŒì„± ìƒì„± (ë³‘ë ¬ ì²˜ë¦¬)
2025-10-27 06:17:56,065 - create_video_from_folder - INFO - ======================================================================
2025-10-27 06:17:56,074 - create_video_from_folder - INFO - âš¡ TTS ë³‘ë ¬ ìƒì„±: ìµœëŒ€ 4ê°œì”© ë™ì‹œ ì²˜ë¦¬ (íƒ€ì„ìŠ¤íƒ¬í”„ í¬í•¨)
2025-10-27 06:17:56,075 - create_video_from_folder - INFO - TTS ìƒì„± ì¤‘: scene_01_audio.mp3
2025-10-27 06:17:56,250 - create_video_from_folder - INFO - TTS ìƒì„± ì¤‘: scene_02_audio.mp3
2025-10-27 06:17:56,414 - create_video_from_folder - INFO - TTS ìƒì„± ì¤‘: scene_03_audio.mp3
2025-10-27 06:17:56,583 - create_video_from_folder - INFO - TTS ìƒì„± ì¤‘: scene_04_audio.mp3
2025-10-27 06:18:13,078 - create_video_from_folder - INFO - WordBoundary ì—†ìŒ, SentenceBoundary ì‚¬ìš©: 163ê°œ ë¬¸ì¥
2025-10-27 06:18:13,285 - create_video_from_folder - INFO - TTS ìƒì„± ì™„ë£Œ: 468.53ì´ˆ, ë‹¨ì–´ 558ê°œ (íƒ€ì„ìŠ¤íƒ¬í”„ ìˆìŒ)
2025-10-27 06:18:15,408 - create_video_from_folder - INFO - WordBoundary ì—†ìŒ, SentenceBoundary ì‚¬ìš©: 180ê°œ ë¬¸ì¥
2025-10-27 06:18:15,553 - create_video_from_folder - INFO - TTS ìƒì„± ì™„ë£Œ: 469.51ì´ˆ, ë‹¨ì–´ 492ê°œ (íƒ€ì„ìŠ¤íƒ¬í”„ ìˆìŒ)
2025-10-27 06:18:15,706 - create_video_from_folder - INFO - WordBoundary ì—†ìŒ, SentenceBoundary ì‚¬ìš©: 167ê°œ ë¬¸ì¥
2025-10-27 06:18:15,849 - create_video_from_folder - INFO - TTS ìƒì„± ì™„ë£Œ: 482.95ì´ˆ, ë‹¨ì–´ 562ê°œ (íƒ€ì„ìŠ¤íƒ¬í”„ ìˆìŒ)
2025-10-27 06:18:15,953 - create_video_from_folder - INFO - WordBoundary ì—†ìŒ, SentenceBoundary ì‚¬ìš©: 149ê°œ ë¬¸ì¥
2025-10-27 06:18:16,099 - create_video_from_folder - INFO - TTS ìƒì„± ì™„ë£Œ: 499.01ì´ˆ, ë‹¨ì–´ 638ê°œ (íƒ€ì„ìŠ¤íƒ¬í”„ ìˆìŒ)
2025-10-27 06:18:16,099 - create_video_from_folder - INFO - TTS ë°°ì¹˜ ì™„ë£Œ: 1~4/8
2025-10-27 06:18:16,099 - create_video_from_folder - INFO - TTS ìƒì„± ì¤‘: scene_05_audio.mp3
2025-10-27 06:18:16,265 - create_video_from_folder - INFO - TTS ìƒì„± ì¤‘: scene_06_audio.mp3
2025-10-27 06:18:16,427 - create_video_from_folder - INFO - TTS ìƒì„± ì¤‘: scene_07_audio.mp3
2025-10-27 06:18:16,588 - create_video_from_folder - INFO - TTS ìƒì„± ì¤‘: scene_08_audio.mp3
2025-10-27 06:18:37,996 - create_video_from_folder - INFO - WordBoundary ì—†ìŒ, SentenceBoundary ì‚¬ìš©: 187ê°œ ë¬¸ì¥
2025-10-27 06:18:38,158 - create_video_from_folder - INFO - TTS ìƒì„± ì™„ë£Œ: 508.30ì´ˆ, ë‹¨ì–´ 566ê°œ (íƒ€ì„ìŠ¤íƒ¬í”„ ìˆìŒ)
2025-10-27 06:18:38,329 - create_video_from_folder - INFO - WordBoundary ì—†ìŒ, SentenceBoundary ì‚¬ìš©: 191ê°œ ë¬¸ì¥
2025-10-27 06:18:38,481 - create_video_from_folder - INFO - TTS ìƒì„± ì™„ë£Œ: 533.33ì´ˆ, ë‹¨ì–´ 602ê°œ (íƒ€ì„ìŠ¤íƒ¬í”„ ìˆìŒ)
2025-10-27 06:18:38,975 - create_video_from_folder - INFO - WordBoundary ì—†ìŒ, SentenceBoundary ì‚¬ìš©: 206ê°œ ë¬¸ì¥
2025-10-27 06:18:39,128 - create_video_from_folder - INFO - TTS ìƒì„± ì™„ë£Œ: 547.97ì´ˆ, ë‹¨ì–´ 626ê°œ (íƒ€ì„ìŠ¤íƒ¬í”„ ìˆìŒ)
2025-10-27 06:18:44,793 - create_video_from_folder - INFO - WordBoundary ì—†ìŒ, SentenceBoundary ì‚¬ìš©: 272ê°œ ë¬¸ì¥
2025-10-27 06:18:44,991 - create_video_from_folder - INFO - TTS ìƒì„± ì™„ë£Œ: 711.00ì´ˆ, ë‹¨ì–´ 768ê°œ (íƒ€ì„ìŠ¤íƒ¬í”„ ìˆìŒ)
2025-10-27 06:18:44,992 - create_video_from_folder - INFO - TTS ë°°ì¹˜ ì™„ë£Œ: 5~8/8
2025-10-27 06:18:44,992 - create_video_from_folder - INFO - TTS ìƒì„± ì™„ë£Œ: 8ê°œ
2025-10-27 06:18:44,992 - create_video_from_folder - INFO - ======================================================================
2025-10-27 06:18:44,992 - create_video_from_folder - INFO - 3ë‹¨ê³„: ë¹„ë””ì˜¤ ìƒì„± ë° ìë§‰ ì¶”ê°€
2025-10-27 06:18:44,992 - create_video_from_folder - INFO - ======================================================================
2025-10-27 06:18:44,992 - create_video_from_folder - INFO - ğŸ¬ ë¹„ë””ì˜¤ ì¸ì½”ë”: h264_qsv (GPU ê°€ì†)
2025-10-27 06:18:44,993 - create_video_from_folder - INFO - ğŸ“Š ì´ 8ê°œ ì”¬ ì²˜ë¦¬ ì˜ˆì •
2025-10-27 06:18:44,993 - create_video_from_folder - INFO - âš¡ ë³‘ë ¬ ì²˜ë¦¬: 4ê°œ ì›Œì»¤ (CPU ì½”ì–´: 16ê°œ)
2025-10-27 06:18:44,993 - create_video_from_folder - INFO - ======================================================================
2025-10-27 06:18:44,994 - create_video_from_folder - INFO - 
[1/8] ì”¬ 1 ì²˜ë¦¬ ì¤‘...
2025-10-27 06:18:44,994 - create_video_from_folder - INFO - [1/8] ì”¬ 1 ë¹„ë””ì˜¤ ìƒì„± ì¤‘... (GPU ê°€ì†)
2025-10-27 06:18:44,994 - create_video_from_folder - INFO - 
[2/8] ì”¬ 2 ì²˜ë¦¬ ì¤‘...
2025-10-27 06:18:44,995 - create_video_from_folder - INFO - ì”¬ 1 ë¹„ë””ì˜¤ + ìë§‰ ìƒì„± ì¤‘...
2025-10-27 06:18:44,995 - create_video_from_folder - INFO - [2/8] ì”¬ 2 ë¹„ë””ì˜¤ ìƒì„± ì¤‘... (GPU ê°€ì†)
2025-10-27 06:18:44,995 - create_video_from_folder - INFO - 
[3/8] ì”¬ 3 ì²˜ë¦¬ ì¤‘...
2025-10-27 06:18:44,995 - create_video_from_folder - INFO - Edge TTS íƒ€ì„ìŠ¤íƒ¬í”„ë¡œ ìë§‰ ìƒì„± ì¤‘... (638ê°œ ë‹¨ì–´)
2025-10-27 06:18:44,995 - create_video_from_folder - INFO - 
[4/8] ì”¬ 4 ì²˜ë¦¬ ì¤‘...
2025-10-27 06:18:44,995 - create_video_from_folder - INFO - ì”¬ 2 ë¹„ë””ì˜¤ + ìë§‰ ìƒì„± ì¤‘...
2025-10-27 06:18:44,995 - create_video_from_folder - INFO - [3/8] ì”¬ 3 ë¹„ë””ì˜¤ ìƒì„± ì¤‘... (GPU ê°€ì†)
2025-10-27 06:18:45,003 - create_video_from_folder - INFO - [4/8] ì”¬ 4 ë¹„ë””ì˜¤ ìƒì„± ì¤‘... (GPU ê°€ì†)
2025-10-27 06:18:45,003 - create_video_from_folder - INFO - Edge TTS íƒ€ì„ìŠ¤íƒ¬í”„ë¡œ ìë§‰ ìƒì„± ì¤‘... (492ê°œ ë‹¨ì–´)
2025-10-27 06:18:45,003 - create_video_from_folder - INFO - ì”¬ 3 ë¹„ë””ì˜¤ + ìë§‰ ìƒì„± ì¤‘...
2025-10-27 06:18:45,003 - create_video_from_folder - INFO - ì”¬ 4 ë¹„ë””ì˜¤ + ìë§‰ ìƒì„± ì¤‘...
2025-10-27 06:18:45,007 - create_video_from_folder - INFO - Edge TTS íƒ€ì„ìŠ¤íƒ¬í”„ë¡œ ìë§‰ ìƒì„± ì¤‘... (562ê°œ ë‹¨ì–´)
2025-10-27 06:18:45,008 - create_video_from_folder - INFO - Edge TTS íƒ€ì„ìŠ¤íƒ¬í”„ë¡œ ìë§‰ ìƒì„± ì¤‘... (558ê°œ ë‹¨ì–´)
2025-10-27 06:18:45,019 - create_video_from_folder - INFO - Edge TTS íƒ€ì„ìŠ¤íƒ¬í”„ ê¸°ë°˜ ASS ìë§‰ ì™„ë£Œ: 126ê°œ ë¼ì¸
2025-10-27 06:18:45,021 - create_video_from_folder - INFO - Edge TTS íƒ€ì„ìŠ¤íƒ¬í”„ ê¸°ë°˜ ASS ìë§‰ ì™„ë£Œ: 98ê°œ ë¼ì¸
2025-10-27 06:18:45,021 - create_video_from_folder - INFO - Edge TTS íƒ€ì„ìŠ¤íƒ¬í”„ ê¸°ë°˜ ASS ìë§‰ ì™„ë£Œ: 113ê°œ ë¼ì¸
2025-10-27 06:18:45,021 - create_video_from_folder - INFO - Edge TTS íƒ€ì„ìŠ¤íƒ¬í”„ ê¸°ë°˜ ASS ìë§‰ ì™„ë£Œ: 109ê°œ ë¼ì¸
2025-10-27 06:19:48,090 - create_video_from_folder - INFO - ì”¬ 1 ë¹„ë””ì˜¤ + ìë§‰ ìƒì„± ì™„ë£Œ: C:\Users\oldmoon\workspace\AutoShortsEditor\input\ê²½ê³„ì˜ ì‚¬ëŒë“¤\generated_videos\scene_01.mp4
2025-10-27 06:19:48,091 - create_video_from_folder - INFO - [1/8] âœ… ì”¬ 1 ì™„ë£Œ!
2025-10-27 06:19:48,091 - create_video_from_folder - INFO - 
[5/8] ì”¬ 5 ì²˜ë¦¬ ì¤‘...
2025-10-27 06:19:48,091 - create_video_from_folder - INFO - [5/8] ì”¬ 5 ë¹„ë””ì˜¤ ìƒì„± ì¤‘... (GPU ê°€ì†)
2025-10-27 06:19:48,091 - create_video_from_folder - INFO - ì”¬ 5 ë¹„ë””ì˜¤ + ìë§‰ ìƒì„± ì¤‘...
2025-10-27 06:19:48,091 - create_video_from_folder - INFO - Edge TTS íƒ€ì„ìŠ¤íƒ¬í”„ë¡œ ìë§‰ ìƒì„± ì¤‘... (602ê°œ ë‹¨ì–´)
2025-10-27 06:19:48,106 - create_video_from_folder - INFO - Edge TTS íƒ€ì„ìŠ¤íƒ¬í”„ ê¸°ë°˜ ASS ìë§‰ ì™„ë£Œ: 121ê°œ ë¼ì¸
2025-10-27 06:20:09,401 - create_video_from_folder - INFO - ì”¬ 4 ë¹„ë””ì˜¤ + ìë§‰ ìƒì„± ì™„ë£Œ: C:\Users\oldmoon\workspace\AutoShortsEditor\input\ê²½ê³„ì˜ ì‚¬ëŒë“¤\generated_videos\scene_04.mp4
2025-10-27 06:20:09,402 - create_video_from_folder - INFO - [4/8] âœ… ì”¬ 4 ì™„ë£Œ!
2025-10-27 06:20:09,402 - create_video_from_folder - INFO - 
[6/8] ì”¬ 6 ì²˜ë¦¬ ì¤‘...
2025-10-27 06:20:09,402 - create_video_from_folder - INFO - [6/8] ì”¬ 6 ë¹„ë””ì˜¤ ìƒì„± ì¤‘... (GPU ê°€ì†)
2025-10-27 06:20:09,402 - create_video_from_folder - INFO - ì”¬ 6 ë¹„ë””ì˜¤ + ìë§‰ ìƒì„± ì¤‘...
2025-10-27 06:20:09,403 - create_video_from_folder - INFO - Edge TTS íƒ€ì„ìŠ¤íƒ¬í”„ë¡œ ìë§‰ ìƒì„± ì¤‘... (566ê°œ ë‹¨ì–´)
2025-10-27 06:20:09,415 - create_video_from_folder - INFO - Edge TTS íƒ€ì„ìŠ¤íƒ¬í”„ ê¸°ë°˜ ASS ìë§‰ ì™„ë£Œ: 111ê°œ ë¼ì¸
2025-10-27 06:20:33,304 - create_video_from_folder - INFO - ì”¬ 2 ë¹„ë””ì˜¤ + ìë§‰ ìƒì„± ì™„ë£Œ: C:\Users\oldmoon\workspace\AutoShortsEditor\input\ê²½ê³„ì˜ ì‚¬ëŒë“¤\generated_videos\scene_02.mp4
2025-10-27 06:20:33,304 - create_video_from_folder - INFO - [2/8] âœ… ì”¬ 2 ì™„ë£Œ!
2025-10-27 06:20:33,305 - create_video_from_folder - INFO - 
[7/8] ì”¬ 7 ì²˜ë¦¬ ì¤‘...
2025-10-27 06:20:33,305 - create_video_from_folder - INFO - [7/8] ì”¬ 7 ë¹„ë””ì˜¤ ìƒì„± ì¤‘... (GPU ê°€ì†)
2025-10-27 06:20:33,305 - create_video_from_folder - INFO - ì”¬ 7 ë¹„ë””ì˜¤ + ìë§‰ ìƒì„± ì¤‘...
2025-10-27 06:20:33,305 - create_video_from_folder - INFO - Edge TTS íƒ€ì„ìŠ¤íƒ¬í”„ë¡œ ìë§‰ ìƒì„± ì¤‘... (626ê°œ ë‹¨ì–´)
2025-10-27 06:20:33,322 - create_video_from_folder - INFO - Edge TTS íƒ€ì„ìŠ¤íƒ¬í”„ ê¸°ë°˜ ASS ìë§‰ ì™„ë£Œ: 121ê°œ ë¼ì¸
2025-10-27 06:20:39,672 - create_video_from_folder - INFO - ì”¬ 3 ë¹„ë””ì˜¤ + ìë§‰ ìƒì„± ì™„ë£Œ: C:\Users\oldmoon\workspace\AutoShortsEditor\input\ê²½ê³„ì˜ ì‚¬ëŒë“¤\generated_videos\scene_03.mp4
2025-10-27 06:20:39,672 - create_video_from_folder - INFO - [3/8] âœ… ì”¬ 3 ì™„ë£Œ!
2025-10-27 06:20:39,673 - create_video_from_folder - INFO - 
[8/8] ì”¬ 8 ì²˜ë¦¬ ì¤‘...
2025-10-27 06:20:39,673 - create_video_from_folder - INFO - [8/8] ì”¬ 8 ë¹„ë””ì˜¤ ìƒì„± ì¤‘... (GPU ê°€ì†)
2025-10-27 06:20:39,673 - create_video_from_folder - INFO - ì”¬ 8 ë¹„ë””ì˜¤ + ìë§‰ ìƒì„± ì¤‘...
2025-10-27 06:20:39,673 - create_video_from_folder - INFO - Edge TTS íƒ€ì„ìŠ¤íƒ¬í”„ë¡œ ìë§‰ ìƒì„± ì¤‘... (768ê°œ ë‹¨ì–´)
2025-10-27 06:20:39,699 - create_video_from_folder - INFO - Edge TTS íƒ€ì„ìŠ¤íƒ¬í”„ ê¸°ë°˜ ASS ìë§‰ ì™„ë£Œ: 153ê°œ ë¼ì¸
2025-10-27 06:21:27,213 - create_video_from_folder - INFO - ì”¬ 6 ë¹„ë””ì˜¤ + ìë§‰ ìƒì„± ì™„ë£Œ: C:\Users\oldmoon\workspace\AutoShortsEditor\input\ê²½ê³„ì˜ ì‚¬ëŒë“¤\generated_videos\scene_06.mp4
2025-10-27 06:21:27,213 - create_video_from_folder - INFO - [6/8] âœ… ì”¬ 6 ì™„ë£Œ!
2025-10-27 06:21:43,324 - create_video_from_folder - INFO - ì”¬ 5 ë¹„ë””ì˜¤ + ìë§‰ ìƒì„± ì™„ë£Œ: C:\Users\oldmoon\workspace\AutoShortsEditor\input\ê²½ê³„ì˜ ì‚¬ëŒë“¤\generated_videos\scene_05.mp4
2025-10-27 06:21:43,325 - create_video_from_folder - INFO - [5/8] âœ… ì”¬ 5 ì™„ë£Œ!
2025-10-27 06:22:22,476 - create_video_from_folder - INFO - ì”¬ 7 ë¹„ë””ì˜¤ + ìë§‰ ìƒì„± ì™„ë£Œ: C:\Users\oldmoon\workspace\AutoShortsEditor\input\ê²½ê³„ì˜ ì‚¬ëŒë“¤\generated_videos\scene_07.mp4
2025-10-27 06:22:22,476 - create_video_from_folder - INFO - [7/8] âœ… ì”¬ 7 ì™„ë£Œ!
2025-10-27 06:22:29,457 - create_video_from_folder - INFO - ì”¬ 8 ë¹„ë””ì˜¤ + ìë§‰ ìƒì„± ì™„ë£Œ: C:\Users\oldmoon\workspace\AutoShortsEditor\input\ê²½ê³„ì˜ ì‚¬ëŒë“¤\generated_videos\scene_08.mp4
2025-10-27 06:22:29,457 - create_video_from_folder - INFO - [8/8] âœ… ì”¬ 8 ì™„ë£Œ!
2025-10-27 06:22:29,460 - create_video_from_folder - INFO - ì „ì²´ ë‚˜ë ˆì´ì…˜ ì €ì¥: C:\Users\oldmoon\workspace\AutoShortsEditor\input\ê²½ê³„ì˜ ì‚¬ëŒë“¤\generated_videos\full_narration.txt
2025-10-27 06:22:29,460 - create_video_from_folder - INFO - ğŸ“ ìµœì¢… ì˜ìƒ ì œëª©: ê²½ê³„ì˜ ì‚¬ëŒë“¤ â†’ ê²½ê³„ì˜_ì‚¬ëŒë“¤.mp4
2025-10-27 06:22:29,460 - create_video_from_folder - INFO - ğŸ¬ 8ê°œ ì”¬ ê²°í•© ì¤‘... (GPU ê°€ì†)
2025-10-27 06:22:31,050 - create_video_from_folder - INFO - âœ… ë¹„ë””ì˜¤ ê²°í•© ì™„ë£Œ: C:\Users\oldmoon\workspace\AutoShortsEditor\input\ê²½ê³„ì˜ ì‚¬ëŒë“¤\generated_videos\ê²½ê³„ì˜_ì‚¬ëŒë“¤.mp4
